[0m[[0m[0mdebug[0m] [0m[0m> Exec(test, Some(4247ac40-91c2-48d5-8608-efdf28cac143), Some(CommandSource(console0)))[0m
[0m[[0m[0mdebug[0m] [0m[0mEvaluating tasks: Test / test[0m
[0m[[0m[0mdebug[0m] [0m[0mRunning task... Cancel: Signal, check cycles: false, forcegc: true[0m
[0m[[0m[0minfo[0m] [0m[0mcompiling 1 Scala source to /home/ozg/code/xrcism/scala/leap/target/scala-3.4.2/test-classes ...[0m
[0m[[0m[0minfo[0m] [0m[0m[32mLeapTest:[0m[0m
[0m[[0m[0minfo[0m] [0m[0m[32m- year not divisible by 4: common year[0m[0m
[0m[[0m[0minfo[0m] [0m[0m[32m- year divisible by 4, not divisible by 100: leap year[0m[0m
[0m[[0m[0minfo[0m] [0m[0m[32m- year divisible by 100, not divisible by 400: common year[0m[0m
[0m[[0m[0minfo[0m] [0m[0m[31m- year divisible by 400: leap year *** FAILED ***[0m[0m
[0m[[0m[0minfo[0m] [0m[0m[31m  false was not true (LeapTest.scala:23)[0m[0m
[0m[[0m[0minfo[0m] [0m[0m[36mRun completed in 76 milliseconds.[0m[0m
[0m[[0m[0minfo[0m] [0m[0m[36mTotal number of tests run: 4[0m[0m
[0m[[0m[0minfo[0m] [0m[0m[36mSuites: completed 1, aborted 0[0m[0m
[0m[[0m[0minfo[0m] [0m[0m[36mTests: succeeded 3, failed 1, canceled 0, ignored 0, pending 0[0m[0m
[0m[[0m[0minfo[0m] [0m[0m[31m*** 1 TEST FAILED ***[0m[0m
[0m[[0m[31merror[0m] [0m[0mFailed tests:[0m
[0m[[0m[31merror[0m] [0m[0m	LeapTest[0m
[0m[[0m[0mdebug[0m] [0m[0mForcing garbage collection...[0m
[0m[[0m[31merror[0m] [0m[0m(Test / [31mtest[0m) sbt.TestsFailedException: Tests unsuccessful[0m
[0m[[0m[31merror[0m] [0m[0mTotal time: 5 s, completed Aug 30, 2026, 11:53:13 AM[0m
[0m[[0m[0mdebug[0m] [0m[0m> Exec(shell, None, None)[0m
